============================= test session starts =============================
platform win32 -- Python 3.10.11, pytest-7.4.3, pluggy-1.6.0 -- C:\Users\AMD\AppData\Local\Programs\Python\Python310\python.exe
cachedir: .pytest_cache
rootdir: C:\Users\AMD\Documents\Fractal_Claws
plugins: anyio-3.7.1, asyncio-0.21.1, typeguard-4.4.4
asyncio: mode=strict
collecting ... collected 152 items

tests/test_first_principles_solver.py::TestFirstPrinciplesSolverInit::test_solver_init PASSED [  0%]
tests/test_first_principles_solver.py::TestComponentCreation::test_component_creation PASSED [  1%]
tests/test_first_principles_solver.py::TestComponentCreation::test_component_from_dict PASSED [  1%]
tests/test_first_principles_solver.py::TestTaskDecomposition::test_first_principles_breakdown PASSED [  2%]
tests/test_first_principles_solver.py::TestTaskDecomposition::test_recursive_decomposition PASSED [  3%]
tests/test_first_principles_solver.py::TestSolverStats::test_get_stats PASSED [  3%]
tests/test_harness_artifacts.py::test_static_artifact_exists[output/word_freq.py] PASSED [  4%]
tests/test_harness_artifacts.py::test_static_artifact_exists[output/report.md] PASSED [  5%]
tests/test_harness_artifacts.py::test_artifact_nonempty[output/word_freq.py] PASSED [  5%]
tests/test_harness_artifacts.py::test_artifact_nonempty[output/report.md] PASSED [  6%]
tests/test_harness_artifacts.py::test_artifact_nonempty[output/audit.json] PASSED [  7%]
tests/test_harness_artifacts.py::test_artifact_nonempty[output/harness_result.json] PASSED [  7%]
tests/test_harness_artifacts.py::test_word_freq_contains_the PASSED      [  8%]
tests/test_harness_artifacts.py::test_report_contains_top_words_section PASSED [  9%]
tests/test_harness_artifacts.py::test_runtime_artifact_exists[output/audit.json] PASSED [  9%]
tests/test_harness_artifacts.py::test_runtime_artifact_exists[output/harness_result.json] PASSED [ 10%]
tests/test_harness_artifacts.py::test_audit_json_schema FAILED           [ 11%]
tests/test_harness_artifacts.py::test_harness_result_passed FAILED       [ 11%]
tests/test_harness_artifacts.py::test_attempt_log_exists[logs/TASK-008-attempts.jsonl] PASSED [ 12%]
tests/test_harness_artifacts.py::test_attempt_log_exists[logs/TASK-009-attempts.jsonl] PASSED [ 13%]
tests/test_harness_artifacts.py::test_attempt_log_exists[logs/TASK-010-attempts.jsonl] PASSED [ 13%]
tests/test_harness_artifacts.py::test_attempt_log_exists[logs/TASK-011-attempts.jsonl] PASSED [ 14%]
tests/test_harness_artifacts.py::test_attempt_log_valid_jsonl[logs/TASK-008-attempts.jsonl] PASSED [ 15%]
tests/test_harness_artifacts.py::test_attempt_log_valid_jsonl[logs/TASK-009-attempts.jsonl] PASSED [ 15%]
tests/test_harness_artifacts.py::test_attempt_log_valid_jsonl[logs/TASK-010-attempts.jsonl] PASSED [ 16%]
tests/test_harness_artifacts.py::test_attempt_log_valid_jsonl[logs/TASK-011-attempts.jsonl] PASSED [ 17%]
tests/test_harness_artifacts.py::test_attempt_log_has_pass_outcome[logs/TASK-008-attempts.jsonl] PASSED [ 17%]
tests/test_harness_artifacts.py::test_attempt_log_has_pass_outcome[logs/TASK-009-attempts.jsonl] PASSED [ 18%]
tests/test_harness_artifacts.py::test_attempt_log_has_pass_outcome[logs/TASK-010-attempts.jsonl] PASSED [ 19%]
tests/test_harness_artifacts.py::test_attempt_log_has_pass_outcome[logs/TASK-011-attempts.jsonl] PASSED [ 19%]
tests/test_multistep_harness.py::TestPhase1_ParentSpawnsChild::test_parent_creates_child_ticket PASSED [ 20%]
tests/test_multistep_harness.py::TestPhase2_ChildWritesScript::test_child_writes_fib_script PASSED [ 21%]
tests/test_multistep_harness.py::TestPhase3_ChildExecutesScript::test_child_executes_script PASSED [ 21%]
tests/test_multistep_harness.py::TestPhase4_ChildWritesReport::test_child_writes_report PASSED [ 22%]
tests/test_multistep_harness.py::TestPhase5_ParentAuditsChain::test_parent_audits_full_pipeline PASSED [ 23%]
tests/test_multistep_harness.py::TestFullPipeline::test_e2e_multistep_pipeline PASSED [ 23%]
tests/test_operator.py::TestOperatorInit::test_operator_init PASSED      [ 24%]
tests/test_operator.py::TestTicketCreation::test_ticket_creation PASSED  [ 25%]
tests/test_operator.py::TestTicketCreation::test_ticket_creation_with_title PASSED [ 25%]
tests/test_operator.py::TestTicketCreation::test_ticket_from_dict_id_key PASSED [ 26%]
tests/test_operator.py::TestTicketCreation::test_ticket_from_dict_ticket_id_key PASSED [ 26%]
tests/test_operator.py::TestTicketCreation::test_ticket_from_dict_no_id_raises PASSED [ 27%]
tests/test_operator.py::TestTicketCreation::test_ticket_to_dict PASSED   [ 28%]
tests/test_operator.py::TestTicketCreation::test_ticket_to_dict_includes_title PASSED [ 28%]
tests/test_operator.py::TestTicketCreation::test_ticket_round_trip PASSED [ 29%]
tests/test_operator.py::TestStatusAliasCoercion::test_status_open_coerced_to_pending PASSED [ 30%]
tests/test_operator.py::TestStatusAliasCoercion::test_status_failed_coerced_to_escalated PASSED [ 30%]
tests/test_operator.py::TestStatusAliasCoercion::test_status_in_progress_coerced_to_pending PASSED [ 31%]
tests/test_operator.py::TestStatusAliasCoercion::test_status_running_coerced_to_pending PASSED [ 32%]
tests/test_operator.py::TestStatusAliasCoercion::test_status_pending_passthrough PASSED [ 32%]
tests/test_operator.py::TestStatusAliasCoercion::test_status_escalated_passthrough PASSED [ 33%]
tests/test_operator.py::TestStatusAliasCoercion::test_status_closed_passthrough PASSED [ 34%]
tests/test_operator.py::TestStatusAliasCoercion::test_unknown_status_raises PASSED [ 34%]
tests/test_operator.py::TestStatusAliasCoercion::test_alias_map_exported PASSED [ 35%]
tests/test_operator.py::TestPriorityAliasCoercion::test_priority_urgent_coerced_to_critical PASSED [ 36%]
tests/test_operator.py::TestPriorityAliasCoercion::test_priority_high_passthrough PASSED [ 36%]
tests/test_operator.py::TestPriorityAliasCoercion::test_unknown_priority_raises PASSED [ 37%]
tests/test_operator.py::TestTitleField::test_title_defaults_to_empty_string PASSED [ 38%]
tests/test_operator.py::TestTitleField::test_title_round_trip PASSED     [ 38%]
tests/test_operator.py::TestTitleField::test_title_in_to_dict PASSED     [ 39%]
tests/test_operator.py::TestTitleField::test_title_from_yaml_dict PASSED [ 40%]
tests/test_operator.py::TestTitleField::test_title_missing_from_dict_defaults_empty PASSED [ 40%]
tests/test_operator.py::TestTaskDecomposition::test_first_principles_breakdown PASSED [ 41%]
tests/test_operator.py::TestTaskDecomposition::test_first_principles_all_names_present PASSED [ 42%]
tests/test_operator.py::TestTaskDecomposition::test_recursive_decomposition PASSED [ 42%]
tests/test_operator.py::TestTaskDecomposition::test_recursive_decomposition_step_names PASSED [ 43%]
tests/test_operator.py::TestValidationGates::test_validate_method PASSED [ 44%]
tests/test_operator.py::TestValidationGates::test_validate_gate_keys PASSED [ 44%]
tests/test_operator.py::TestFailureHandling::test_handle_failure_raises_exit PASSED [ 45%]
tests/test_operator.py::TestFailureHandling::test_capture_logs_creates_file PASSED [ 46%]
tests/test_operator.py::TestOperatorStats::test_get_stats PASSED         [ 46%]
tests/test_operator.py::TestOperatorStats::test_get_stats_closed PASSED  [ 47%]
tests/test_runner_dispatch.py::test_registry_registered_tools PASSED     [ 48%]
tests/test_runner_dispatch.py::test_dispatch_read_file PASSED            [ 48%]
tests/test_runner_dispatch.py::test_dispatch_write_file PASSED           [ 49%]
tests/test_runner_dispatch.py::test_dispatch_list_dir PASSED             [ 50%]
tests/test_runner_dispatch.py::test_dispatch_exec_python PASSED          [ 50%]
tests/test_runner_dispatch.py::test_dispatch_run_command PASSED          [ 51%]
tests/test_runner_dispatch.py::test_dispatch_unknown_tool PASSED         [ 51%]
tests/test_runner_dispatch.py::test_parse_and_run_tools_write_then_exec PASSED [ 52%]
tests/test_runner_dispatch.py::test_parse_and_run_tools_unknown_tool_returns_error PASSED [ 53%]
tests/test_runner_dispatch.py::test_typed_ticket_load PASSED             [ 53%]
tests/test_runner_dispatch.py::test_run_command_via_parse_and_run_tools PASSED [ 54%]
tests/test_runner_dispatch.py::test_load_ticket_has_typed_fields PASSED  [ 55%]
tests/test_ticket_io.py::TestLoadTicketHappyPath::test_minimal_ticket_loads PASSED [ 55%]
tests/test_ticket_io.py::TestLoadTicketHappyPath::test_full_ticket_loads PASSED [ 56%]
tests/test_ticket_io.py::TestLoadTicketHappyPath::test_extras_attached FAILED [ 57%]
tests/test_ticket_io.py::TestTwoDocumentYAML::test_two_doc_merge PASSED  [ 57%]
tests/test_ticket_io.py::TestFieldDefaults::test_defaults_applied_to_minimal PASSED [ 58%]
tests/test_ticket_io.py::TestFieldDefaults::test_extras_defaults PASSED  [ 59%]
tests/test_ticket_io.py::TestStatusCoercion::test_status_aliases[open-TicketStatus.PENDING] PASSED [ 59%]
tests/test_ticket_io.py::TestStatusCoercion::test_status_aliases[pending-TicketStatus.PENDING] PASSED [ 60%]
tests/test_ticket_io.py::TestStatusCoercion::test_status_aliases[closed-TicketStatus.CLOSED] PASSED [ 61%]
tests/test_ticket_io.py::TestStatusCoercion::test_status_aliases[escalated-TicketStatus.ESCALATED] PASSED [ 61%]
tests/test_ticket_io.py::TestStatusCoercion::test_status_aliases[failed-TicketStatus.ESCALATED] PASSED [ 62%]
tests/test_ticket_io.py::TestStatusCoercion::test_unknown_status_defaults_to_pending FAILED [ 63%]
tests/test_ticket_io.py::TestPriorityCoercion::test_valid_priorities[low-TicketPriority.LOW] PASSED [ 63%]
tests/test_ticket_io.py::TestPriorityCoercion::test_valid_priorities[medium-TicketPriority.MEDIUM] PASSED [ 64%]
tests/test_ticket_io.py::TestPriorityCoercion::test_valid_priorities[high-TicketPriority.HIGH] PASSED [ 65%]
tests/test_ticket_io.py::TestPriorityCoercion::test_valid_priorities[critical-TicketPriority.CRITICAL] PASSED [ 65%]
tests/test_ticket_io.py::TestPriorityCoercion::test_unknown_priority_defaults_to_medium FAILED [ 66%]
tests/test_ticket_io.py::TestLoadTicketErrors::test_missing_file_raises PASSED [ 67%]
tests/test_ticket_io.py::TestLoadTicketErrors::test_bad_yaml_raises PASSED [ 67%]
tests/test_ticket_io.py::TestLoadTicketErrors::test_missing_ticket_id_raises PASSED [ 68%]
tests/test_ticket_io.py::TestLoadTicketErrors::test_empty_file_raises PASSED [ 69%]
tests/test_ticket_io.py::TestSaveTicketDataclass::test_save_and_reload PASSED [ 69%]
tests/test_ticket_io.py::TestSaveTicketDataclass::test_save_adds_updated_at PASSED [ 70%]
tests/test_ticket_io.py::TestSaveTicketDict::test_dict_written_as_is PASSED [ 71%]
tests/test_ticket_io.py::TestSaveStatusAlias::test_pending_written_as_open PASSED [ 71%]
tests/test_ticket_io.py::TestAsDict::test_ticket_to_dict PASSED          [ 72%]
tests/test_ticket_io.py::TestAsDict::test_dict_passthrough PASSED        [ 73%]
tests/test_ticket_io.py::TestAsDict::test_as_dict_supports_get_syntax PASSED [ 73%]
tests/test_ticket_io.py::TestMoveTicket::test_moves_file PASSED          [ 74%]
tests/test_ticket_io.py::TestMoveTicket::test_creates_dst_dir PASSED     [ 75%]
tests/test_ticket_io.py::TestMoveTicketError::test_missing_source_raises PASSED [ 75%]
tests/test_ticket_io.py::TestScanDir::test_loads_all_valid PASSED        [ 76%]
tests/test_ticket_io.py::TestScanDir::test_skips_corrupt PASSED          [ 76%]
tests/test_ticket_io.py::TestScanDir::test_empty_dir_returns_empty PASSED [ 77%]
tests/test_ticket_io.py::TestTicketExists::test_exists_true PASSED       [ 78%]
tests/test_ticket_io.py::TestTicketExists::test_exists_false PASSED      [ 78%]
tests/test_ticket_io.py::TestRoundTripFidelity::test_extras_survive_round_trip FAILED [ 79%]
tests/test_ticket_io.py::TestRunnerCompat::test_runner_pattern_ticket_id PASSED [ 80%]
tests/test_ticket_io.py::TestRunnerCompat::test_runner_pattern_depends_on PASSED [ 80%]
tests/test_ticket_io.py::TestRunnerCompat::test_runner_pattern_depth PASSED [ 81%]
tests/test_tools.py::test_run_command_basic PASSED                       [ 82%]
tests/test_tools.py::test_run_command_nonzero PASSED                     [ 82%]
tests/test_tools.py::test_run_command_stderr PASSED                      [ 83%]
tests/test_tools.py::test_run_command_timeout PASSED                     [ 84%]
tests/test_tools.py::test_run_command_blocked_unix SKIPPED (KNOWN IS...) [ 84%]
tests/test_tools.py::test_run_command_blocked_windows PASSED             [ 85%]
tests/test_tools.py::test_run_command_elapsed_ms PASSED                  [ 86%]
tests/test_tools.py::test_run_command_cwd PASSED                         [ 86%]
tests/test_tools.py::test_registry_register_and_call PASSED              [ 87%]
tests/test_tools.py::test_registry_not_found PASSED                      [ 88%]
tests/test_tools.py::test_registry_missing_required_arg PASSED           [ 88%]
tests/test_tools.py::test_registry_wrong_type PASSED                     [ 89%]
tests/test_tools.py::test_registry_default_fills PASSED                  [ 90%]
tests/test_tools.py::test_registry_extra_args_passthrough PASSED         [ 90%]
tests/test_tools.py::test_registry_list_tools PASSED                     [ 91%]
tests/test_trajectory.py::test_extract_trajectory_pass PASSED            [ 92%]
tests/test_trajectory.py::test_extract_trajectory_no_file PASSED         [ 92%]
tests/test_trajectory.py::test_extract_trajectory_no_pass PASSED         [ 93%]
tests/test_trajectory.py::test_extract_trajectory_first_pass PASSED      [ 94%]
tests/test_trajectory.py::test_extract_trajectory_skips_malformed PASSED [ 94%]
tests/test_trajectory.py::test_goal_class_from_tags PASSED               [ 95%]
tests/test_trajectory.py::test_goal_class_from_title PASSED              [ 96%]
tests/test_trajectory.py::test_goal_class_from_tags_with_spaces PASSED   [ 96%]
tests/test_trajectory.py::test_goal_class_max_length PASSED              [ 97%]
tests/test_trajectory.py::test_write_skill_creates_file PASSED           [ 98%]
tests/test_trajectory.py::test_write_skill_keeps_best PASSED             [ 98%]
tests/test_trajectory.py::test_write_skill_replaces_worse PASSED         [ 99%]
tests/test_trajectory.py::test_run_extraction_integration PASSED         [100%]

================================== FAILURES ===================================
___________________________ test_audit_json_schema ____________________________
tests\test_harness_artifacts.py:120: in test_audit_json_schema
    assert isinstance(data.get("report_char_count"), int)
E   AssertionError: assert False
E    +  where False = isinstance(None, int)
E    +    where None = <built-in method get of dict object at 0x000002503771A9C0>('report_char_count')
E    +      where <built-in method get of dict object at 0x000002503771A9C0> = {'generated_at': '2026-04-08T09:04:35Z', 'report_contains_top_words': True, 'test_run': 'harness-integration-v1'}.get
_________________________ test_harness_result_passed __________________________
tests\test_harness_artifacts.py:131: in test_harness_result_passed
    assert data.get("passed") is True, (
E   AssertionError: Harness result not passed. failed_checks: ['check1', 'check3']
E   assert False is True
E    +  where False = <built-in method get of dict object at 0x0000025037802740>('passed')
E    +    where <built-in method get of dict object at 0x0000025037802740> = {'checks': ['check2', 'check4'], 'failed_checks': ['check1', 'check3'], 'passed': False, 'ts': '2026-04-08T13:03:14.241929+00:00'}.get
________________ TestLoadTicketHappyPath.test_extras_attached _________________
tests\test_ticket_io.py:132: in test_extras_attached
    assert extras["task"] == "Write output/fib.py and verify output contains 55."
E   KeyError: 'task'
_________ TestStatusCoercion.test_unknown_status_defaults_to_pending __________
tests\test_ticket_io.py:207: in test_unknown_status_defaults_to_pending
    ticket = load_ticket(path)  # must not raise
src\ticket_io.py:175: in load_ticket
    ticket = Ticket.from_dict(raw)
src\operator_v7.py:162: in from_dict
    status=TicketStatus(coerced_status),
..\..\AppData\Local\Programs\Python\Python310\lib\enum.py:385: in __call__
    return cls.__new__(cls, value)
..\..\AppData\Local\Programs\Python\Python310\lib\enum.py:710: in __new__
    raise ve_exc
E   ValueError: 'banana' is not a valid TicketStatus
________ TestPriorityCoercion.test_unknown_priority_defaults_to_medium ________
tests\test_ticket_io.py:233: in test_unknown_priority_defaults_to_medium
    ticket = load_ticket(path)
src\ticket_io.py:175: in load_ticket
    ticket = Ticket.from_dict(raw)
src\operator_v7.py:165: in from_dict
    priority=TicketPriority(coerced_priority),
..\..\AppData\Local\Programs\Python\Python310\lib\enum.py:385: in __call__
    return cls.__new__(cls, value)
..\..\AppData\Local\Programs\Python\Python310\lib\enum.py:710: in __new__
    raise ve_exc
E   ValueError: 'ultramax' is not a valid TicketPriority
____________ TestRoundTripFidelity.test_extras_survive_round_trip _____________
tests\test_ticket_io.py:460: in test_extras_survive_round_trip
    assert reloaded._extras["depends_on"] == ["TASK-001"]
E   KeyError: 'depends_on'
=========================== short test summary info ===========================
FAILED tests/test_harness_artifacts.py::test_audit_json_schema - AssertionErr...
FAILED tests/test_harness_artifacts.py::test_harness_result_passed - Assertio...
FAILED tests/test_ticket_io.py::TestLoadTicketHappyPath::test_extras_attached
FAILED tests/test_ticket_io.py::TestStatusCoercion::test_unknown_status_defaults_to_pending
FAILED tests/test_ticket_io.py::TestPriorityCoercion::test_unknown_priority_defaults_to_medium
FAILED tests/test_ticket_io.py::TestRoundTripFidelity::test_extras_survive_round_trip
================== 6 failed, 145 passed, 1 skipped in 2.27s ===================
